  [1m[36m (28.5ms)[0m  [1mCREATE TABLE "schema_migrations" ("version" character varying NOT NULL) [0m
  [1m[35m (3.6ms)[0m  CREATE UNIQUE INDEX  "unique_schema_migrations" ON "schema_migrations"  ("version")
  [1m[36mActiveRecord::SchemaMigration Load (1.0ms)[0m  [1mSELECT "schema_migrations".* FROM "schema_migrations"[0m
Migrating to CreateDbheroDataclips (20150323172319)
  [1m[35m (0.2ms)[0m  BEGIN
  [1m[36m (0.1ms)[0m  [1mROLLBACK[0m
  [1m[36mActiveRecord::SchemaMigration Load (0.5ms)[0m  [1mSELECT "schema_migrations".* FROM "schema_migrations"[0m
Migrating to CreateDbheroDataclips (20150323172444)
  [1m[35m (0.2ms)[0m  BEGIN
  [1m[36m (24.4ms)[0m  [1mCREATE TABLE "dbhero_dataclips" ("id" serial primary key, "description" text NOT NULL, "raw_query" text NOT NULL, "token" text NOT NULL, "user" text, "private" boolean DEFAULT 'f' NOT NULL, "created_at" timestamp NOT NULL, "updated_at" timestamp NOT NULL) [0m
  [1m[35m (1.4ms)[0m  CREATE UNIQUE INDEX  "index_dbhero_dataclips_on_token" ON "dbhero_dataclips"  ("token")
  [1m[36m (1.2ms)[0m  [1mCREATE  INDEX  "index_dbhero_dataclips_on_user" ON "dbhero_dataclips"  ("user")[0m
  [1m[35mSQL (1.4ms)[0m  INSERT INTO "schema_migrations" ("version") VALUES ($1)  [["version", "20150323172444"]]
  [1m[36m (1.7ms)[0m  [1mCOMMIT[0m
  [1m[35mActiveRecord::SchemaMigration Load (0.6ms)[0m  SELECT "schema_migrations".* FROM "schema_migrations"
  [1m[36m (4.7ms)[0m  [1mSELECT t2.oid::regclass::text AS to_table, a1.attname AS column, a2.attname AS primary_key, c.conname AS name, c.confupdtype AS on_update, c.confdeltype AS on_delete
FROM pg_constraint c
JOIN pg_class t1 ON c.conrelid = t1.oid
JOIN pg_class t2 ON c.confrelid = t2.oid
JOIN pg_attribute a1 ON a1.attnum = c.conkey[1] AND a1.attrelid = t1.oid
JOIN pg_attribute a2 ON a2.attnum = c.confkey[1] AND a2.attrelid = t2.oid
JOIN pg_namespace t3 ON c.connamespace = t3.oid
WHERE c.contype = 'f'
  AND t1.relname = 'dbhero_dataclips'
  AND t3.nspname = ANY (current_schemas(false))
ORDER BY c.conname
[0m
  [1m[35m (0.1ms)[0m  [1m[35mDROP DATABASE IF EXISTS "dummy_test"[0m
  [1m[35m (1216.7ms)[0m  [1m[35mCREATE DATABASE "dummy_test" ENCODING = 'unicode'[0m
  [1m[35mSQL (14.3ms)[0m  [1m[35mCREATE EXTENSION IF NOT EXISTS "plpgsql"[0m
  [1m[35m (0.3ms)[0m  [1m[35mDROP TABLE IF EXISTS "dbhero_dataclips" CASCADE[0m
  [1m[35m (108.4ms)[0m  [1m[35mCREATE TABLE "dbhero_dataclips" ("id" bigserial primary key, "description" text NOT NULL, "raw_query" text NOT NULL, "token" text NOT NULL, "user" text, "private" boolean DEFAULT FALSE NOT NULL, "created_at" timestamp NOT NULL, "updated_at" timestamp NOT NULL)[0m
  [1m[35m (51.8ms)[0m  [1m[35mCREATE UNIQUE INDEX  "index_dbhero_dataclips_on_token" ON "dbhero_dataclips" USING btree ("token")[0m
  [1m[35m (47.0ms)[0m  [1m[35mCREATE  INDEX  "index_dbhero_dataclips_on_user" ON "dbhero_dataclips" USING btree ("user")[0m
  [1m[35m (81.4ms)[0m  [1m[35mCREATE TABLE "schema_migrations" ("version" character varying NOT NULL PRIMARY KEY)[0m
  [1m[35m (0.8ms)[0m  [1m[34mSELECT "schema_migrations"."version" FROM "schema_migrations" ORDER BY "schema_migrations"."version" ASC[0m
  [1m[35m (19.0ms)[0m  [1m[32mINSERT INTO "schema_migrations" (version) VALUES (20150323172444)[0m
  [1m[35m (120.6ms)[0m  [1m[35mCREATE TABLE "ar_internal_metadata" ("key" character varying NOT NULL PRIMARY KEY, "value" character varying, "created_at" timestamp NOT NULL, "updated_at" timestamp NOT NULL)[0m
  [1m[36mActiveRecord::InternalMetadata Load (0.3ms)[0m  [1m[34mSELECT  "ar_internal_metadata".* FROM "ar_internal_metadata" WHERE "ar_internal_metadata"."key" = $1 LIMIT $2[0m  [["key", "environment"], ["LIMIT", 1]]
  [1m[35m (0.3ms)[0m  [1m[35mBEGIN[0m
  [1m[36mActiveRecord::InternalMetadata Create (0.8ms)[0m  [1m[32mINSERT INTO "ar_internal_metadata" ("key", "value", "created_at", "updated_at") VALUES ($1, $2, $3, $4) RETURNING "key"[0m  [["key", "environment"], ["value", "development"], ["created_at", "2021-09-23 08:06:24.120047"], ["updated_at", "2021-09-23 08:06:24.120047"]]
  [1m[35m (16.4ms)[0m  [1m[35mCOMMIT[0m
  [1m[36mActiveRecord::InternalMetadata Load (0.8ms)[0m  [1m[34mSELECT  "ar_internal_metadata".* FROM "ar_internal_metadata" WHERE "ar_internal_metadata"."key" = $1 LIMIT $2[0m  [["key", "environment"], ["LIMIT", 1]]
  [1m[35m (0.4ms)[0m  [1m[35mBEGIN[0m
  [1m[36mActiveRecord::InternalMetadata Update (0.5ms)[0m  [1m[33mUPDATE "ar_internal_metadata" SET "value" = $1, "updated_at" = $2 WHERE "ar_internal_metadata"."key" = $3[0m  [["value", "test"], ["updated_at", "2021-09-23 08:06:24.143819"], ["key", "environment"]]
  [1m[35m (10.5ms)[0m  [1m[35mCOMMIT[0m
  [1m[35m (227.6ms)[0m  [1m[35mDROP DATABASE IF EXISTS "dummy_test"[0m
  [1m[35m (980.0ms)[0m  [1m[35mCREATE DATABASE "dummy_test" ENCODING = 'unicode'[0m
  [1m[35mSQL (0.5ms)[0m  [1m[35mCREATE EXTENSION IF NOT EXISTS "plpgsql"[0m
  [1m[35m (0.3ms)[0m  [1m[35mDROP TABLE IF EXISTS "dbhero_dataclips" CASCADE[0m
  [1m[35m (111.7ms)[0m  [1m[35mCREATE TABLE "dbhero_dataclips" ("id" bigserial primary key, "description" text NOT NULL, "raw_query" text NOT NULL, "token" text NOT NULL, "slug" text, "user" text, "private" boolean DEFAULT FALSE NOT NULL, "created_at" timestamp NOT NULL, "updated_at" timestamp NOT NULL)[0m
  [1m[35m (57.4ms)[0m  [1m[35mCREATE UNIQUE INDEX  "index_dbhero_dataclips_on_token" ON "dbhero_dataclips" USING btree ("token")[0m
  [1m[35m (59.1ms)[0m  [1m[35mCREATE  INDEX  "index_dbhero_dataclips_on_user" ON "dbhero_dataclips" USING btree ("user")[0m
  [1m[35m (812.3ms)[0m  [1m[35mCREATE TABLE "schema_migrations" ("version" character varying NOT NULL PRIMARY KEY)[0m
  [1m[35m (0.7ms)[0m  [1m[34mSELECT "schema_migrations"."version" FROM "schema_migrations" ORDER BY "schema_migrations"."version" ASC[0m
  [1m[35m (13.1ms)[0m  [1m[32mINSERT INTO "schema_migrations" (version) VALUES (20150323172444)[0m
  [1m[35m (103.3ms)[0m  [1m[35mCREATE TABLE "ar_internal_metadata" ("key" character varying NOT NULL PRIMARY KEY, "value" character varying, "created_at" timestamp NOT NULL, "updated_at" timestamp NOT NULL)[0m
  [1m[36mActiveRecord::InternalMetadata Load (0.6ms)[0m  [1m[34mSELECT  "ar_internal_metadata".* FROM "ar_internal_metadata" WHERE "ar_internal_metadata"."key" = $1 LIMIT $2[0m  [["key", "environment"], ["LIMIT", 1]]
  [1m[35m (0.5ms)[0m  [1m[35mBEGIN[0m
  [1m[36mActiveRecord::InternalMetadata Create (0.7ms)[0m  [1m[32mINSERT INTO "ar_internal_metadata" ("key", "value", "created_at", "updated_at") VALUES ($1, $2, $3, $4) RETURNING "key"[0m  [["key", "environment"], ["value", "development"], ["created_at", "2021-09-23 08:10:29.262969"], ["updated_at", "2021-09-23 08:10:29.262969"]]
  [1m[35m (12.4ms)[0m  [1m[35mCOMMIT[0m
  [1m[36mActiveRecord::InternalMetadata Load (0.7ms)[0m  [1m[34mSELECT  "ar_internal_metadata".* FROM "ar_internal_metadata" WHERE "ar_internal_metadata"."key" = $1 LIMIT $2[0m  [["key", "environment"], ["LIMIT", 1]]
  [1m[35m (0.3ms)[0m  [1m[35mBEGIN[0m
  [1m[36mActiveRecord::InternalMetadata Update (0.4ms)[0m  [1m[33mUPDATE "ar_internal_metadata" SET "value" = $1, "updated_at" = $2 WHERE "ar_internal_metadata"."key" = $3[0m  [["value", "test"], ["updated_at", "2021-09-23 08:10:29.281618"], ["key", "environment"]]
  [1m[35m (10.6ms)[0m  [1m[35mCOMMIT[0m
